Decode a tree:
  (:main "MainTree"
   :trees ((:MainTree (:sequence ((:action "SayA") (:subtree "GraspObject"))))
           (:GraspObject (:sequence
                          ((:action "Open") (:action "Approach")
                           (:action "Close") (:subtree "DestroyObject"))))
           (:DestroyObject (:sequence ((:action "Booom"))))))

Comments are skipped:
  " Some data "

Comments are skipped:
  " Some data in nested node "

Comments are skipped:
  

More data, even more data 0.750000