(:main "MainTree"
 :trees ((:MainTree (:sequence ((:action "SayA") (:subtree "GraspObject"))))
         (:GraspObject (:sequence
                        ((:action "Open") (:action "Approach")
                         (:action "Close") (:subtree "DestroyObject"))))
         (:DestroyObject (:sequence ((:action "Booom"))))))

Comments are skipped:
  " Some data "